cargo.exe :    Compiling stable_deref_trait v1.2.1
所在位置 C:\Users\H0614\AppData\Local\Temp\genie-ps-1789958730041-eu2gmx.ps1:813 字符: 44
+ ... positor-rs; & "C:\Users\H0614\.cargo\bin\cargo.exe" build 2>&1 | Out- ...
+                 ~~~~~~~~~~~~~~~~~~~~~~~~~~~~~~~~~~~~~~~~~~~~~~~~~~
    + CategoryInfo          : NotSpecified: (   Compiling stable_deref_trait v1.2.1:String) [], RemoteException
    + FullyQualifiedErrorId : NativeCommandError
 
   Compiling cfg-if v1.0.5
   Compiling smallvec v1.16.1
   Compiling writeable v0.6.4
   Compiling litemap v0.8.3
   Compiling windows_x86_64_msvc v0.52.6
   Compiling windows-link v0.2.1
   Compiling utf8_iter v1.0.4
   Compiling zerocopy v0.8.57
   Compiling zerofrom v0.1.8
   Compiling bytemuck v1.25.2
   Compiling simd-adler32 v0.3.10
   Compiling windows-targets v0.52.6
   Compiling bitflags v2.13.2
   Compiling log v0.4.34
   Compiling once_cell v1.21.4
   Compiling yoke v0.8.3
   Compiling windows-sys v0.52.0
   Compiling windows-result v0.2.0
   Compiling icu_normalizer_data v2.3.0
   Compiling icu_properties_data v2.3.0
   Compiling raw-window-handle v0.6.2
   Compiling accesskit v0.16.3
   Compiling ttf-parser v0.25.1
   Compiling zerovec v0.11.8
   Compiling zerotrie v0.2.5
   Compiling adler2 v2.0.1
   Compiling scopeguard v1.2.0
   Compiling windows-strings v0.1.0
   Compiling emath v0.29.1
   Compiling lock_api v0.4.14
   Compiling parking_lot_core v0.9.12
   Compiling pin-project-lite v0.2.17
   Compiling ab_glyph_rasterizer v0.1.10
   Compiling arrayvec v0.7.8
   Compiling tracing-core v0.1.36
   Compiling parking_lot v0.12.5
   Compiling ecolor v0.29.1
   Compiling windows-core v0.58.0
   Compiling immutable-chunkmap v2.1.4
   Compiling miniz_oxide v0.9.1
   Compiling windows_x86_64_msvc v0.53.1
   Compiling tinystr v0.8.4
   Compiling potential_utf v0.1.6
   Compiling crc32fast v1.5.2
   Compiling tracing v0.1.44
   Compiling icu_locale_core v2.3.0
   Compiling icu_collections v2.3.0
   Compiling dpi v0.1.2
   Compiling epaint_default_fonts v0.29.1
   Compiling percent-encoding v2.3.2
   Compiling cursor-icon v1.2.0
   Compiling nohash-hasher v0.2.0
   Compiling smol_str v0.2.2
   Compiling unicode-segmentation v1.13.3
   Compiling form_urlencoded v1.2.2
   Compiling flate2 v1.1.10
   Compiling accesskit_consumer v0.24.3
   Compiling windows v0.58.0
   Compiling windows-targets v0.53.5
   Compiling crossbeam-utils v0.8.23
   Compiling error-code v3.4.0
   Compiling zune-core v0.5.3
   Compiling static_assertions v1.1.0
   Compiling clipboard-win v5.4.1
   Compiling windows-sys v0.60.2
   Compiling glutin_wgl_sys v0.6.1
   Compiling icu_provider v2.3.1
   Compiling crossbeam-epoch v0.9.21
   Compiling zune-jpeg v0.5.15
   Compiling icu_properties v2.3.0
   Compiling icu_normalizer v2.3.0
   Compiling owned_ttf_parser v0.25.1
   Compiling num-traits v0.2.19
   Compiling ab_glyph v0.2.32
   Compiling miniz_oxide v0.8.9
   Compiling fdeflate v0.3.7
   Compiling libloading v0.8.9
   Compiling fax v0.2.7
   Compiling pxfm v0.1.30
   Compiling quick-error v2.0.1
   Compiling weezl v0.1.12
   Compiling ahash v0.8.12
   Compiling idna_adapter v1.2.2
   Compiling idna v1.1.0
   Compiling winit v0.30.13
   Compiling epaint v0.29.1
   Compiling glutin_egl_sys v0.7.1
   Compiling half v2.7.1
   Compiling glutin v0.32.3
   Compiling arboard v3.6.1
   Compiling url v2.5.8
   Compiling tiff v0.11.3
   Compiling png v0.18.1
   Compiling crossbeam-deque v0.8.8
   Compiling memoffset v0.9.1
   Compiling byteorder-lite v0.1.0
   Compiling glow v0.14.2
   Compiling web-time v1.1.0
   Compiling webbrowser v1.2.4
   Compiling rayon-core v1.13.0
   Compiling egui v0.29.1
   Compiling winapi v0.3.9
   Compiling windows-sys v0.59.0
   Compiling glutin-winit v0.5.0
   Compiling either v1.18.0
   Compiling moxcms v0.8.1
   Compiling rayon v1.12.0
   Compiling rfd v0.15.4
   Compiling egui_glow v0.29.1
   Compiling image v0.25.10
   Compiling accesskit_windows v0.23.2
   Compiling accesskit_winit v0.22.4
   Compiling egui-winit v0.29.1
   Compiling eframe v0.29.1
   Compiling compositor v0.1.0 (G:\pyprojects\Compositor\compositor-rs)
    Finished `dev` profile [unoptimized + debuginfo] target(s) in 33.31s
