cargo.exe :     Checking compositor v0.1.0 (G:\pyprojects\Compositor\compositor-rs)
所在位置 C:\Users\H0614\AppData\Local\Temp\genie-ps-1789958700343-yhu8uw.ps1:813 字符: 44
+ ... positor-rs; & "C:\Users\H0614\.cargo\bin\cargo.exe" check --message-f ...
+                 ~~~~~~~~~~~~~~~~~~~~~~~~~~~~~~~~~~~~~~~~~~~~~~~~~~~~~~~~~
    + CategoryInfo          : NotSpecified: (    Checking co...\compositor-rs):String) [], RemoteException
    + FullyQualifiedErrorId : NativeCommandError
 
src\app.rs:5:69: warning: unused import: `Vec2`
src\ui\panels.rs:3:26: warning: unused imports: `Color32` and `Sense`
src\ui\canvas.rs:126:38: warning: falling back to `f32` as the trait bound `f32: From<f64>` is not satisfied: help: exp
licitly specify the type as `f32`: `1.0_f32`
src\ui\canvas.rs:138:58: warning: falling back to `f32` as the trait bound `f32: From<f64>` is not satisfied: help: exp
licitly specify the type as `f32`: `1.0_f32`
src\ui\tools.rs:33:51: warning: falling back to `f32` as the trait bound `f32: From<f64>` is not satisfied: help: expli
citly specify the type as `f32`: `1.0_f32`
src\ui\tools.rs:35:128: warning: falling back to `f32` as the trait bound `f32: From<f64>` is not satisfied: help: expl
icitly specify the type as `f32`: `1.0_f32`
src\ui\tools.rs:36:128: warning: falling back to `f32` as the trait bound `f32: From<f64>` is not satisfied: help: expl
icitly specify the type as `f32`: `1.0_f32`
src\ui\tools.rs:37:128: warning: falling back to `f32` as the trait bound `f32: From<f64>` is not satisfied: help: expl
icitly specify the type as `f32`: `1.0_f32`
src\ui\tools.rs:38:128: warning: falling back to `f32` as the trait bound `f32: From<f64>` is not satisfied: help: expl
icitly specify the type as `f32`: `1.0_f32`
src\ui\tools.rs:83:44: warning: falling back to `f32` as the trait bound `f32: From<f64>` is not satisfied: help: expli
citly specify the type as `f32`: `1.0_f32`
src\ui\tools.rs:94:48: warning: falling back to `f32` as the trait bound `f32: From<f64>` is not satisfied: help: expli
citly specify the type as `f32`: `1.0_f32`
src\ui\tools.rs:150:52: warning: falling back to `f32` as the trait bound `f32: From<f64>` is not satisfied: help: expl
icitly specify the type as `f32`: `1.0_f32`
src\ui\tools.rs:158:49: warning: falling back to `f32` as the trait bound `f32: From<f64>` is not satisfied: help: expl
icitly specify the type as `f32`: `1.0_f32`
src\io\import.rs:5:13: warning: unused import: `GenericImageView`
src\io\export.rs:12:50: warning: unused variable: `quality`: help: if this is intentional, prefix it with an underscore
: `_quality`
src\rendering\brush.rs:43:13: warning: unused variable: `h`: help: if this is intentional, prefix it with an underscore
: `_h`
src\rendering\compositor.rs:126:13: warning: unused variable: `h`: help: if this is intentional, prefix it with an unde
rscore: `_h`
warning: `compositor` (lib) generated 17 warnings (run `cargo fix --lib -p compositor` to apply 16 suggestions)
    Finished `dev` profile [unoptimized + debuginfo] target(s) in 1.08s
